---
source: tests/agent_stream_event_wire.rs
expression: "to_value(AgentStreamEvent::Done\n{\n    provider: \"claude\".into(), model_id: \"opus-1m\".into(), resolved_model:\n    \"claude-opus-4-20250514\".into(), session_id:\n    Some(\"provider-session-1\".into()), working_directory:\n    \"/tmp/winthorpe\".into(), persisted: true,\n})"
---
kind: done
model_id: opus-1m
persisted: true
provider: claude
resolved_model: claude-opus-4-20250514
session_id: provider-session-1
working_directory: /tmp/winthorpe
